// Jest Snapshot v1, https://goo.gl/fbAQLP

exports[`<App /> renders 1`] = `
ShallowWrapper {
  "length": 1,
  Symbol(enzyme.__root__): [Circular],
  Symbol(enzyme.__unrendered__): <App
    store={
      Object {
        "activeDoughTypes": null,
        "activeIngredients": Object {
          "ingredients": Array [],
          "totalPrice": null,
        },
        "doughTypes": Array [
          Object {
            "description": "Thin and crusty pizza dough",
            "id": 1,
            "name": "Thin",
            "price": 0.5,
          },
          Object {
            "description": "Thick and crusty pizza dough",
            "id": 2,
            "name": "Thick",
            "price": 1,
          },
        ],
        "ingredients": Array [
          Object {
            "displayName": "Pepperoni",
            "id": 1,
            "name": "pepperoni",
            "price": 1,
          },
          Object {
            "displayName": "Anchovies",
            "id": 2,
            "name": "anchovies",
            "price": 10,
          },
          Object {
            "displayName": "Lobstah",
            "id": 3,
            "name": "lobster",
            "price": 25,
          },
          Object {
            "displayName": "truffle oil",
            "id": 4,
            "name": "truffle oil",
            "price": 100,
          },
        ],
      }
    }
  />,
  Symbol(enzyme.__renderer__): Object {
    "batchedUpdates": [Function],
    "getNode": [Function],
    "render": [Function],
    "simulateEvent": [Function],
    "unmount": [Function],
  },
  Symbol(enzyme.__node__): Object {
    "instance": null,
    "key": undefined,
    "nodeType": "host",
    "props": Object {
      "children": Array [
        <h1>
          Pizza App
        </h1>,
        <div
          className="container-fluid"
        >
          <Connect(DoughList) />
          <Connect(IngredientList) />
          <Connect(OrderDetail) />
        </div>,
      ],
      "className": "container text-center bg-grey app-header",
    },
    "ref": null,
    "rendered": Array [
      Object {
        "instance": null,
        "key": undefined,
        "nodeType": "host",
        "props": Object {
          "children": "Pizza App",
        },
        "ref": null,
        "rendered": "Pizza App",
        "type": "h1",
      },
      Object {
        "instance": null,
        "key": undefined,
        "nodeType": "host",
        "props": Object {
          "children": Array [
            <Connect(DoughList) />,
            <Connect(IngredientList) />,
            <Connect(OrderDetail) />,
          ],
          "className": "container-fluid",
        },
        "ref": null,
        "rendered": Array [
          Object {
            "instance": null,
            "key": undefined,
            "nodeType": "class",
            "props": Object {},
            "ref": null,
            "rendered": null,
            "type": [Function],
          },
          Object {
            "instance": null,
            "key": undefined,
            "nodeType": "class",
            "props": Object {},
            "ref": null,
            "rendered": null,
            "type": [Function],
          },
          Object {
            "instance": null,
            "key": undefined,
            "nodeType": "class",
            "props": Object {},
            "ref": null,
            "rendered": null,
            "type": [Function],
          },
        ],
        "type": "div",
      },
    ],
    "type": "div",
  },
  Symbol(enzyme.__nodes__): Array [
    Object {
      "instance": null,
      "key": undefined,
      "nodeType": "host",
      "props": Object {
        "children": Array [
          <h1>
            Pizza App
          </h1>,
          <div
            className="container-fluid"
          >
            <Connect(DoughList) />
            <Connect(IngredientList) />
            <Connect(OrderDetail) />
          </div>,
        ],
        "className": "container text-center bg-grey app-header",
      },
      "ref": null,
      "rendered": Array [
        Object {
          "instance": null,
          "key": undefined,
          "nodeType": "host",
          "props": Object {
            "children": "Pizza App",
          },
          "ref": null,
          "rendered": "Pizza App",
          "type": "h1",
        },
        Object {
          "instance": null,
          "key": undefined,
          "nodeType": "host",
          "props": Object {
            "children": Array [
              <Connect(DoughList) />,
              <Connect(IngredientList) />,
              <Connect(OrderDetail) />,
            ],
            "className": "container-fluid",
          },
          "ref": null,
          "rendered": Array [
            Object {
              "instance": null,
              "key": undefined,
              "nodeType": "class",
              "props": Object {},
              "ref": null,
              "rendered": null,
              "type": [Function],
            },
            Object {
              "instance": null,
              "key": undefined,
              "nodeType": "class",
              "props": Object {},
              "ref": null,
              "rendered": null,
              "type": [Function],
            },
            Object {
              "instance": null,
              "key": undefined,
              "nodeType": "class",
              "props": Object {},
              "ref": null,
              "rendered": null,
              "type": [Function],
            },
          ],
          "type": "div",
        },
      ],
      "type": "div",
    },
  ],
  Symbol(enzyme.__options__): Object {
    "adapter": ReactSixteenAdapter {
      "options": Object {
        "enableComponentDidUpdateOnSetState": true,
      },
    },
  },
}
`;
