// Jest Snapshot v1, https://goo.gl/fbAQLP

exports[`Renders broker code 1`] = `<div />`;
